[mifincaraiz.local/index.html]
[backblue.gif]
[fade.gif]
[index.html]
[mifincaraiz.local/wp-includes/css/dist/block-library/style.min.css]
[mifincaraiz.local/wp-includes/css/classic-themes.min.css]
[mifincaraiz.local/wp-content/themes/essential/assets/css/animate.min.css]
[mifincaraiz.local/wp-content/themes/essential/assets/css/owl.carousel.min.css]
[mifincaraiz.local/wp-content/themes/essential/assets/css/owl.theme.default.min.css]
[mifincaraiz.local/wp-content/themes/essential/assets/css/supersized.min.css]
[mifincaraiz.local/comments/feed/index.html]
[unpkg.com/ionicons@4.5.8/dist/css/ionicons.min.css]
[mifincaraiz.local/wp-content/themes/essential/assets/css/style.min.css]
[mifincaraiz.local/wp-content/themes/essential/style.css]
[mifincaraiz.local/wp-content/themes/essential/assets/css/custom-styles.css]
[mifincaraiz.local/wp-content/themes/essential/assets/css/et-line.min.css]
[mifincaraiz.local/wp-content/cache/wpo-minify/1674527442/assets/wpo-minify-header-b7e3148c.min.js]
[mifincaraiz.local/wp-content/uploads/2023/01/g65306-150x150.png]
[mifincaraiz.local/wp-content/uploads/2023/01/g65306.png]
[mifincaraiz.local/wp-content/cache/wpo-minify/1674527442/assets/wpo-minify-footer-26833738.min.js]
[mifincaraiz.local/wp-json/index.html]
[mifincaraiz.local/index.html]
[mifincaraiz.local/wp-includes/css/dist/block-library/style.min.css]
[mifincaraiz.local/wp-includes/css/classic-themes.min.css]
[mifincaraiz.local/wp-content/themes/essential/assets/css/animate.min.css]
[mifincaraiz.local/wp-content/themes/essential/assets/css/owl.carousel.min.css]
[mifincaraiz.local/wp-content/themes/essential/assets/css/owl.theme.default.min.css]
[mifincaraiz.local/wp-content/themes/essential/assets/css/supersized.min.css]
[unpkg.com/ionicons@4.5.8/dist/css/ionicons.min.css]
[mifincaraiz.local/feed/index.html]
[mifincaraiz.local/category/mifincaraiz/index.html]
[mifincaraiz.local/wp-content/themes/essential/assets/img/arrow-right-primary.13.delayed]
[mifincaraiz.local/wp-content/themes/essential/assets/css/style.min.css]
[mifincaraiz.local/wp-content/themes/essential/style.css]
[mifincaraiz.local/wp-content/themes/essential/assets/css/custom-styles.css]
[mifincaraiz.local/wp-admin/admin-ajax1c57.css]
[mifincaraiz.local/wp-content/themes/essential/assets/css/fonts/et-line.eot]
[mifincaraiz.local/wp-content/themes/essential/assets/css/fonts/et-lined41d.eot]
[mifincaraiz.local/wp-content/themes/essential/assets/css/fonts/et-line.woff]
[mifincaraiz.local/wp-content/themes/essential/assets/css/fonts/et-line.ttf]
[mifincaraiz.local/wp-content/themes/essential/assets/css/fonts/et-line.svg]
[mifincaraiz.local/wp-content/themes/essential/assets/css/et-line.min.css]
[mifincaraiz.local/wp-content/uploads/2023/01/cropped-clix-disen-o-web-02-scaled-2.jpg]
[mifincaraiz.local/wp-json/wp/v2/categories/1.json]
[mifincaraiz.local/category/mifincaraiz/index.html]
[mifincaraiz.local/xmlrpc0db0.php]
[mifincaraiz.local/wp-content/themes/essential/assets/img/arrow-right-primary.html]
[mifincaraiz.local/wp-content/themes/essential/assets/img/ios7-search.png]
[mifincaraiz.local/wp-content/themes/essential/assets/css/fonts/et-line.html]
[mifincaraiz.local/wp-content/themes/essential/assets/css/fonts/et-lined41d.html]
[mifincaraiz.local/wp-content/themes/essential/assets/css/fonts/et-line-2.html]
[mifincaraiz.local/wp-content/themes/essential/assets/css/fonts/et-line-3.html]
[mifincaraiz.local/wp-content/themes/essential/assets/css/fonts/et-line-4.html]
[mifincaraiz.local/category/mifincaraiz/feed/index.html]
[mifincaraiz.local/finca-raiz/23/1/index.html]
[mifincaraiz.local/wp-content/themes/essential/assets/css/owl.video.play.png]
[mifincaraiz.local/wp-content/plugins/elementor/assets/lib/font-awesome/css/v4-shims.min.css]
[mifincaraiz.local/wp-content/plugins/elementor/assets/css/frontend-lite.min.css]
[mifincaraiz.local/wp-content/uploads/elementor/css/post-51.css]
[mifincaraiz.local/wp-content/uploads/elementor/css/global.css]
[mifincaraiz.local/wp-content/uploads/elementor/css/post-1.css]
[mifincaraiz.local/wp-content/cache/wpo-minify/1674527442/assets/wpo-minify-header-6eb31cc1.min.js]
[mifincaraiz.local/wp-json/wp/v2/posts/1.json]
[mifincaraiz.local/wp-json/oembed/1.0/embed3593.json]
[mifincaraiz.local/wp-json/oembed/1.0/embed8d19]
[mifincaraiz.local/wp-content/plugins/elementor/assets/lib/animations/animations.min.css]
[mifincaraiz.local/wp-content/cache/wpo-minify/1674527442/assets/wpo-minify-footer-ee0a194a.min.js]
[mifincaraiz.local/wp-content/cache/wpo-minify/1674527442/assets/wpo-minify-footer-f40b11ca.min.js]
[mifincaraiz.local/finca-raiz/23/1/index.html]
[mifincaraiz.local/wp-content/themes/essential/assets/css/owl.video.play.png]
[mifincaraiz.local/wp-content/plugins/elementor/assets/lib/font-awesome/css/v4-shims.min.css]
[mifincaraiz.local/wp-content/plugins/elementor/assets/css/frontend-lite.min.css]
[mifincaraiz.local/wp-content/uploads/elementor/css/post-51.css]
[mifincaraiz.local/wp-content/plugins/elementor/assets/lib/font-awesome/css/all.min.css]
[mifincaraiz.local/wp-content/uploads/elementor/css/global.css]
[mifincaraiz.local/wp-content/uploads/elementor/css/post-1.css]
[mifincaraiz.local/indexcff1.html]
[mifincaraiz.local/wp-content/uploads/2023/01/g45887.html]
[mifincaraiz.local/wp-content/uploads/2023/01/My-project-1-7-1536x936.html]
[mifincaraiz.local/wp-content/uploads/2023/01/My-project-copiar-1-2-1536x936.html]
[mifincaraiz.local/wp-content/uploads/2023/01/My-project-copiar-1-1-1536x936.html]
[mifincaraiz.local/wp-content/plugins/elementor/assets/lib/animations/animations.min.css]
[mifincaraiz.local/wp-content/plugins/elementor-pro/assets/css/frontend-lite.min.css]
[mifincaraiz.local/wp-content/cache/wpo-minify/1674527442/assets/wpo-minify-footer-453c7f8a.min.js]
[mifincaraiz.local/wp-content/plugins/elementor/assets/lib/font-awesome/webfonts/fa-brands-400.woff]
[mifincaraiz.local/wp-content/plugins/elementor/assets/lib/font-awesome/webfonts/fa-brands-400.ttf]
[mifincaraiz.local/wp-content/plugins/elementor/assets/lib/font-awesome/webfonts/fa-regular-400.eot]
[mifincaraiz.local/wp-content/plugins/elementor/assets/lib/font-awesome/webfonts/fa-regular-400.woff]
[mifincaraiz.local/wp-content/plugins/elementor/assets/lib/font-awesome/webfonts/fa-solid-900.eot]
[mifincaraiz.local/wp-content/plugins/elementor/assets/lib/font-awesome/webfonts/fa-solid-900d41d.eot]
[mifincaraiz.local/wp-content/plugins/elementor/assets/lib/font-awesome/webfonts/fa-solid-900.woff]
[mifincaraiz.local/wp-content/plugins/elementor/assets/lib/font-awesome/webfonts/fa-solid-900.ttf]
[mifincaraiz.local/wp-content/plugins/elementor/assets/lib/font-awesome/css/all.min.css]
[mifincaraiz.local/wp-content/plugins/elementor-pro/assets/css/frontend-lite.min.css]
[mifincaraiz.local/wp-content/plugins/elementor/assets/lib/font-awesome/webfonts/fa-brands-400.eot]
[mifincaraiz.local/wp-content/plugins/elementor/assets/lib/font-awesome/webfonts/fa-brands-400d41d.eot]
[mifincaraiz.local/wp-content/plugins/elementor/assets/lib/font-awesome/webfonts/fa-brands-400.svg]
[mifincaraiz.local/wp-content/plugins/elementor/assets/lib/font-awesome/webfonts/fa-regular-400d41d.eot]
[mifincaraiz.local/wp-content/plugins/elementor/assets/lib/font-awesome/webfonts/fa-regular-400.html]
[mifincaraiz.local/wp-content/plugins/elementor/assets/lib/font-awesome/webfonts/fa-regular-400.svg]
[mifincaraiz.local/wp-content/plugins/elementor/assets/lib/font-awesome/webfonts/fa-solid-900.html]
[mifincaraiz.local/wp-content/plugins/elementor/assets/lib/font-awesome/webfonts/fa-solid-900.svg]
[mifincaraiz.local/wp-content/plugins/elementor/assets/lib/font-awesome/webfonts/fa-brands-400.woff2]
[mifincaraiz.local/wp-content/plugins/elementor/assets/lib/font-awesome/webfonts/fa-regular-400.ttf]
